CCAIndia2022.cer 200 1896
CCAIndia2022SPL.cer 200 1904
CCAIndia2015.cer 200 1088
CCAIndia2014.cer 200 1076
cca%20india%202011.cer 200 1077
cca%20india%202007.cer 200 807
== CCAIndia2014.cer
Could not read certificate from CCAIndia2014.cer
Unable to load certificate
== CCAIndia2015.cer
Could not read certificate from CCAIndia2015.cer
Unable to load certificate
== CCAIndia2022.cer
subject=C = IN, O = India PKI, CN = CCA India 2022
issuer=C = IN, O = India PKI, CN = CCA India 2022
notBefore=Feb  2 12:04:37 2022 GMT
notAfter=Feb  2 12:04:37 2042 GMT
sha256 Fingerprint=9A:3F:D3:17:67:98:E8:42:DD:CB:12:C2:62:F1:1C:FA:CC:A7:0A:8B:84:C6:EA:6F:DA:30:84:2A:95:A9:4C:D8
== CCAIndia2022SPL.cer
Could not read certificate from CCAIndia2022SPL.cer
Unable to load certificate
== cca-india-2007.cer
subject=C = IN, O = India PKI, CN = CCA India 2007
issuer=C = IN, O = India PKI, CN = CCA India 2007
notBefore=Jun 13 07:02:48 2007 GMT
notAfter=Jul  4 07:02:48 2015 GMT
sha256 Fingerprint=F3:75:E2:F7:7A:10:8B:AC:C4:23:48:94:A9:AF:30:8E:DE:CA:1A:CD:8F:BD:E0:E7:AA:A9:63:4E:9D:AF:7E:1C
== cca-india-2011.cer
Could not read certificate from cca-india-2011.cer
Unable to load certificate
home 200
